// Jest Snapshot v1, https://goo.gl/fbAQLP

exports[`/ renders index page unchanged 1`] = `
<div
  className="container mx-auto text-center"
>
  <h1
    className="text-3xl font-medium px-2 py-4"
  >
    topicName
  </h1>
  <hr />
  <ul
    className="topicsList mx-auto px-2 my-4"
  >
    <li
      className="topic block my-2"
    >
      <button
        className="flex w-full px-4 py-1 border-2 border-gray-300 shadow rounded-lg active:bg-gray-400 hover:border-gray-500 focus:ring-2 focus:ring-blue-400"
        onClick={[Function]}
      >
        <span
          className="inline-block flex-auto text-left text-lg"
        >
          angular
        </span>
        <span
          className="inline-block flex-auto text-right text-yellow-600"
        >
          ★ 
          35411
        </span>
      </button>
    </li>
    <li
      className="topic block my-2"
    >
      <button
        className="flex w-full px-4 py-1 border-2 border-gray-300 shadow rounded-lg active:bg-gray-400 hover:border-gray-500 focus:ring-2 focus:ring-blue-400"
        onClick={[Function]}
      >
        <span
          className="inline-block flex-auto text-left text-lg"
        >
          react-native
        </span>
        <span
          className="inline-block flex-auto text-right text-yellow-600"
        >
          ★ 
          20032
        </span>
      </button>
    </li>
    <li
      className="topic block my-2"
    >
      <button
        className="flex w-full px-4 py-1 border-2 border-gray-300 shadow rounded-lg active:bg-gray-400 hover:border-gray-500 focus:ring-2 focus:ring-blue-400"
        onClick={[Function]}
      >
        <span
          className="inline-block flex-auto text-left text-lg"
        >
          vue
        </span>
        <span
          className="inline-block flex-auto text-right text-yellow-600"
        >
          ★ 
          41685
        </span>
      </button>
    </li>
    <li
      className="topic block my-2"
    >
      <button
        className="flex w-full px-4 py-1 border-2 border-gray-300 shadow rounded-lg active:bg-gray-400 hover:border-gray-500 focus:ring-2 focus:ring-blue-400"
        onClick={[Function]}
      >
        <span
          className="inline-block flex-auto text-left text-lg"
        >
          opencv
        </span>
        <span
          className="inline-block flex-auto text-right text-yellow-600"
        >
          ★ 
          921
        </span>
      </button>
    </li>
    <li
      className="topic block my-2"
    >
      <button
        className="flex w-full px-4 py-1 border-2 border-gray-300 shadow rounded-lg active:bg-gray-400 hover:border-gray-500 focus:ring-2 focus:ring-blue-400"
        onClick={[Function]}
      >
        <span
          className="inline-block flex-auto text-left text-lg"
        >
          computer-vision
        </span>
        <span
          className="inline-block flex-auto text-right text-yellow-600"
        >
          ★ 
          1564
        </span>
      </button>
    </li>
    <li
      className="topic block my-2"
    >
      <button
        className="flex w-full px-4 py-1 border-2 border-gray-300 shadow rounded-lg active:bg-gray-400 hover:border-gray-500 focus:ring-2 focus:ring-blue-400"
        onClick={[Function]}
      >
        <span
          className="inline-block flex-auto text-left text-lg"
        >
          object-detection
        </span>
        <span
          className="inline-block flex-auto text-right text-yellow-600"
        >
          ★ 
          150
        </span>
      </button>
    </li>
    <li
      className="topic block my-2"
    >
      <button
        className="flex w-full px-4 py-1 border-2 border-gray-300 shadow rounded-lg active:bg-gray-400 hover:border-gray-500 focus:ring-2 focus:ring-blue-400"
        onClick={[Function]}
      >
        <span
          className="inline-block flex-auto text-left text-lg"
        >
          deep-learning
        </span>
        <span
          className="inline-block flex-auto text-right text-yellow-600"
        >
          ★ 
          41886
        </span>
      </button>
    </li>
    <li
      className="topic block my-2"
    >
      <button
        className="flex w-full px-4 py-1 border-2 border-gray-300 shadow rounded-lg active:bg-gray-400 hover:border-gray-500 focus:ring-2 focus:ring-blue-400"
        onClick={[Function]}
      >
        <span
          className="inline-block flex-auto text-left text-lg"
        >
          tensorflow
        </span>
        <span
          className="inline-block flex-auto text-right text-yellow-600"
        >
          ★ 
          24431
        </span>
      </button>
    </li>
  </ul>
</div>
`;
